<html>
<body>
<pre>
<h1>µVision Build Log</h1>
<h2>Tool Versions:</h2>
IDE-Version: µVision V5.38.0.0
Copyright (C) 2022 ARM Ltd and ARM Germany GmbH. All rights reserved.
License Information: Ludovic Espeel VIVES Flex license: MDK Professional 5.38 (Flex) (mdk_pro) Borrow: 10 Jan 2024
 
Tool Versions:
Toolchain:       MDK Professional 5.38 (Flex)  Version: 5.38.0.0
Toolchain Path:  C:\Program Files\Keil_v5\ARM\ARMCLANG\Bin
C Compiler:      ArmClang.exe V6.19
Assembler:       Armasm.exe V6.19
Linker/Locator:  ArmLink.exe V6.19
Library Manager: ArmAr.exe V6.19
Hex Converter:   FromElf.exe V6.19
CPU DLL:         SARMCM3.DLL V5.38.0.0
Dialog DLL:      DCM.DLL V1.17.5.0
Target DLL:      STLink\ST-LINKIII-KEIL_SWO.dll V3.1.0.0
Dialog DLL:      TCM.DLL V1.56.4.0
 
<h2>Project:</h2>
C:\Users\u0095800\OneDrive - Hogeschool VIVES\Cursussen\IoT Systems\F4Slider\F4Test.uvprojx
Project File Date:  12/08/2023

<h2>Output:</h2>
*** Using Compiler 'V6.19', folder: 'C:\Program Files\Keil_v5\ARM\ARMCLANG\Bin'
Rebuild target 'Target 1'
compiling stdout_USART.c...
compiling ili9341.c...
compiling Timer.c...
compiling USBH_MSC.c...
compiling GUI_SingleThread.c...
compiling main.c...
compiling Thread.c...
compiling LCD_X.c...
compiling LogViewerDLG.c...
compiling stm32f429i_discovery.c...
compiling stm32f429i_discovery_sdram.c...
compiling RTX_Config.c...
compiling LED_F429Discovery.c...
compiling rtx_lib.c...
compiling Touch_STMPE811.c...
compiling OTG_HS_STM32F4xx.c...
compiling I2C_STM32F4xx.c...
compiling retarget_io.c...
compiling stm32f4xx_hal.c...
compiling EventRecorder.c...
compiling USBH_HS_STM32F4xx.c...
compiling USART_STM32F4xx.c...
compiling SPI_STM32F4xx.c...
compiling stm32f4xx_hal_cortex.c...
compiling stm32f4xx_hal_dma.c...
compiling stm32f4xx_hal_dma2d.c...
compiling stm32f4xx_hal_dma_ex.c...
compiling stm32f4xx_hal_gpio.c...
compiling stm32f4xx_hal_i2c_ex.c...
compiling stm32f4xx_hal_pwr.c...
compiling stm32f4xx_hal_ltdc.c...
compiling stm32f4xx_hal_pwr_ex.c...
compiling stm32f4xx_hal_rcc.c...
compiling stm32f4xx_hal_sdram.c...
compiling stm32f4xx_hal_rcc_ex.c...
compiling stm32f4xx_hal_i2c.c...
compiling stm32f4xx_ll_fmc.c...
assembling startup_stm32f429xx.s...
compiling FS_Config.c...
compiling stm32f4xx_hal_spi.c...
compiling stm32f4xx_hal_usart.c...
compiling system_stm32f4xx.c...
compiling stm32f4xx_hal_uart.c...
compiling GUI_X_RTE.c...
compiling GUIConf.c...
compiling FS_Debug.c...
compiling GUI_X_Touch.c...
compiling USBH_Config_0.c...
compiling LCDConf.c...
linking...
Program Size: Code=169808 RO-data=11340 RW-data=1160 ZI-data=78968  
".\Objects\F4Test.axf" - 0 Error(s), 0 Warning(s).

<h2>Software Packages used:</h2>

Package Vendor: ARM
                http://www.keil.com/pack/ARM.CMSIS.5.9.0.pack
                ARM.CMSIS.5.9.0
                CMSIS (Common Microcontroller Software Interface Standard)
   * Component: I2C Version: 2.4.0
   * Component: SPI Version: 2.3.0
   * Component: USART Version: 2.4.0
   * Component: USB Host Version: 2.3.0
   * Component: RTOS2 Version: 2.1.3
   * Component: CORE Version: 5.6.0
   * Component: Keil RTX5 Variant: Library Version: 5.5.4

Package Vendor: Keil
                https://www.keil.com/pack/Keil.ARM_Compiler.1.7.2.pack
                Keil.ARM_Compiler.1.7.2
                Keil ARM Compiler extensions for ARM Compiler 5 and ARM Compiler 6
   * Component: Event Recorder Variant: DAP Version: 1.5.1
   * Component: File Variant: File System Version: 1.2.0
   * Component: STDIN Variant: User Version: 1.2.0
   * Component: STDOUT Variant: User Version: 1.2.0

Package Vendor: Keil
                https://www.keil.com/pack/Keil.MDK-Middleware.7.16.0.pack
                Keil.MDK-Middleware.7.16.0
                Middleware for Keil MDK-Professional and MDK-Plus
   * Component: LED Version: 1.0.0
   * Component: Touchscreen Version: 1.0.1
   * Component: CORE Variant: LFN Debug Version: 6.15.3
   * Component: USB Version: 6.15.3
   * Component: CORE Variant: Release Version: 6.16.1
   * Component: Host Version: 6.16.1
   * Component: MSC Version: 6.16.1

Package Vendor: Keil
                https://www.keil.com/pack/Keil.MDK-Middleware_Graphics.1.1.0.pack
                Keil.MDK-Middleware_Graphics.1.1.0
                Middleware Graphics for Keil MDK-Professional and MDK-Plus
   * Component: emWin LCD Version: 1.1.0
   * Component: CORE Version: 6.24.0
   * Component: Touchscreen Version: 6.24.0

Package Vendor: Keil
                https://www.keil.com/pack/Keil.STM32F4xx_DFP.2.17.1.pack
                Keil.STM32F4xx_DFP.2.17.1
                STMicroelectronics STM32F4 Series Device Support, Drivers and Examples
   * Component: STM32Cube Framework Version: 1.0.0
   * Component: ILI9341 Version: 1.0.2
   * Component: Basic I/O Version: 1.0.0
   * Component: SDRAM Version: 1.0.0
   * Component: LED Version: 1.0.0
   * Component: Touchscreen Version: 1.0.0
   * Component: emWin LCD Variant: RGB IF Version: 1.0.0
   * Component: I2C Version: 2.12
   * Component: SPI Version: 2.18
   * Component: USART Version: 2.16
   * Component: High-speed Version: 2.25
   * Component: Classic Version: 1.8.1
   * Component: Common Version: 1.8.1
   * Component: Cortex Version: 1.8.1
   * Component: DMA Version: 1.8.1
   * Component: DMA2D Version: 1.8.1
   * Component: GPIO Version: 1.8.1
   * Component: I2C Version: 1.8.1
   * Component: LTDC Version: 1.8.1
   * Component: PWR Version: 1.8.1
   * Component: RCC Version: 1.8.1
   * Component: SDRAM Version: 1.8.1
   * Component: SPI Version: 1.8.1
   * Component: UART Version: 1.8.1
   * Component: USART Version: 1.8.1
   * Component: Startup Version: 2.6.3
   * Component: STM32F429I-Discovery Variant: RGB IF Version: 1.0.0

<h2>Collection of Component include folders:</h2>
  ./RTE/CMSIS
  ./RTE/Compiler
  ./RTE/Device/STM32F429ZITx
  ./RTE/File_System
  ./RTE/USB
  ./RTE/_Target_1
  C:/Users/u0095800/AppData/Local/Arm/Packs/ARM/CMSIS/5.9.0/CMSIS/Core/Include
  C:/Users/u0095800/AppData/Local/Arm/Packs/ARM/CMSIS/5.9.0/CMSIS/Driver/Include
  C:/Users/u0095800/AppData/Local/Arm/Packs/ARM/CMSIS/5.9.0/CMSIS/RTOS2/Include
  C:/Users/u0095800/AppData/Local/Arm/Packs/ARM/CMSIS/5.9.0/CMSIS/RTOS2/RTX/Include
  C:/Users/u0095800/AppData/Local/Arm/Packs/Keil/ARM_Compiler/1.7.2/Include
  C:/Users/u0095800/AppData/Local/Arm/Packs/Keil/MDK-Middleware/7.16.0/Board
  C:/Users/u0095800/AppData/Local/Arm/Packs/Keil/MDK-Middleware/7.16.0/FileSystem/Include
  C:/Users/u0095800/AppData/Local/Arm/Packs/Keil/MDK-Middleware/7.16.0/USB/Include
  C:/Users/u0095800/AppData/Local/Arm/Packs/Keil/MDK-Middleware_Graphics/1.1.0/emWin/Include
  C:/Users/u0095800/AppData/Local/Arm/Packs/Keil/STM32F4xx_DFP/2.17.1/Drivers/BSP/Components/ili9341
  C:/Users/u0095800/AppData/Local/Arm/Packs/Keil/STM32F4xx_DFP/2.17.1/Drivers/BSP/STM32F429I-Discovery
  C:/Users/u0095800/AppData/Local/Arm/Packs/Keil/STM32F4xx_DFP/2.17.1/Drivers/CMSIS/Device/ST/STM32F4xx/Include
  C:/Users/u0095800/AppData/Local/Arm/Packs/Keil/STM32F4xx_DFP/2.17.1/Drivers/STM32F4xx_HAL_Driver/Inc

<h2>Collection of Component Files used:</h2>

   * Component: ::Board Support:LED:1.0.0 (API)
      Include file:  Board/Board_LED.h

   * Component: ::Board Support:Touchscreen:1.0.1 (API)
      Include file:  Board/Board_Touch.h

   * Component: ::Board Support:emWin LCD:1.1.0 (API)
      Include file:  emWin/Include/LCD_X.h

   * Component: ::CMSIS Driver:I2C:2.4.0 (API)
      Include file:  CMSIS/Driver/Include/Driver_I2C.h

   * Component: ::CMSIS Driver:SPI:2.3.0 (API)
      Include file:  CMSIS/Driver/Include/Driver_SPI.h

   * Component: ::CMSIS Driver:USART:2.4.0 (API)
      Include file:  CMSIS/Driver/Include/Driver_USART.h

   * Component: ::CMSIS Driver:USB Host:2.3.0 (API)
      Include file:  CMSIS/Driver/Include/Driver_USBH.h

   * Component: ::CMSIS:RTOS2:2.1.3 (API)
      Include file:  CMSIS/RTOS2/Include/cmsis_os2.h

   * Component: ::Device:STM32Cube Framework:1.0.0 (API)

   * Component: ARM::CMSIS:CORE:5.6.0

   * Component: ARM::CMSIS:RTOS2:Keil RTX5:Library:5.5.4
      Source file:   CMSIS/RTOS2/RTX/Template/Semaphore.c
      Source file:   CMSIS/RTOS2/RTX/Template/Events.c
      Source file:   CMSIS/RTOS2/RTX/Template/MsgQueue.c
      Source file:   CMSIS/RTOS2/RTX/Template/Timer.c
      Source file:   CMSIS/RTOS2/RTX/Template/svc_user.c
      Source file:   CMSIS/RTOS2/RTX/Template/main.c
      Include file:  CMSIS/RTOS2/RTX/Include/rtx_os.h
      Source file:   CMSIS/RTOS2/RTX/Config/RTX_Config.c
      Library file:  CMSIS/RTOS2/RTX/Library/ARM/RTX_CM4F.lib
      Source file:   CMSIS/RTOS2/RTX/Template/Mutex.c
      Include file:  CMSIS/RTOS2/RTX/Config/RTX_Config.h
      Source file:   CMSIS/RTOS2/RTX/Source/rtx_lib.c
      Source file:   CMSIS/RTOS2/RTX/Template/MemPool.c
      Source file:   CMSIS/RTOS2/RTX/Template/Thread.c

   * Component: Keil.ARM Compiler::Compiler:Event Recorder:DAP:1.5.1
      Source file:   Source/EventRecorder.c
      Include file:  Config/EventRecorderConf.h
      Include file:  Include/EventRecorder.h

   * Component: Keil.ARM Compiler::Compiler:I/O:File:File System:1.2.0
      Source file:   Source/retarget_io.c

   * Component: Keil.ARM Compiler::Compiler:I/O:STDIN:User:1.2.0
      Source file:   Source/retarget_io.c
      Source file:   Template/stdin_user.c
      Source file:   Template/stdin_keyboard.c
      Source file:   Template/stdin_USART.c

   * Component: Keil.ARM Compiler::Compiler:I/O:STDOUT:User:1.2.0
      Source file:   Source/retarget_io.c
      Source file:   Template/stdout_user.c
      Source file:   Template/stdout_USART.c
      Source file:   Template/stdout_display.c

   * Component: Keil.MDK-Plus::File System:CORE:LFN Debug:6.15.3
      Library file:  FileSystem/Lib/ARM/FS_Dbg_LFN_CM3_L.lib
      Source file:   FileSystem/Config/FS_Config.c
      Include file:  FileSystem/Include/rl_fs.h
      Source file:   FileSystem/Config/FS_Debug.c

   * Component: Keil.MDK-Plus::File System:Drive:USB:6.15.3
      Include file:  FileSystem/Config/FS_Config_USB.h

   * Component: Keil.MDK-Pro::USB:CORE:Release:6.16.1
      Library file:  USB/Lib/ARM/USB_CM3_L.lib
      Include file:  USB/Include/rl_usb.h

   * Component: Keil.MDK-Pro::USB:Host:6.16.1
      Source file:   USB/Config/USBH_Config.c

   * Component: Keil.MDK-Pro::USB:Host:MSC:6.16.1
      Source file:   USB/Template/USBH_MSC.c
      Include file:  USB/Config/USBH_Config_MSC.h
      Source file:   USB/Template/USBH_MSC.h

   * Component: Keil.STM32F429I-Discovery::Board Support:Components:ILI9341:1.0.2
      Source file:   Drivers/BSP/Components/ili9341/ili9341.c
      Include file:  Drivers/BSP/Components/ili9341/ili9341.h

   * Component: Keil.STM32F429I-Discovery::Board Support:Drivers:Basic I/O:1.0.0
      Include file:  Drivers/BSP/STM32F429I-Discovery/stm32f429i_discovery.h
      Source file:   Drivers/BSP/STM32F429I-Discovery/stm32f429i_discovery.c

   * Component: Keil.STM32F429I-Discovery::Board Support:Drivers:SDRAM:1.0.0
      Source file:   Drivers/BSP/STM32F429I-Discovery/stm32f429i_discovery_sdram.c
      Include file:  Drivers/BSP/STM32F429I-Discovery/stm32f429i_discovery_sdram.h

   * Component: Keil.STM32F429I-Discovery::Board Support:LED:1.0.0
      Source file:   MDK/Boards/ST/STM32F429I-Discovery/Common/LED_F429Discovery.c

   * Component: Keil.STM32F429I-Discovery::Board Support:Touchscreen:1.0.0
      Source file:   MDK/Boards/ST/STM32F429I-Discovery/Common/Touch_STMPE811.c

   * Component: Keil.STM32F429I-Discovery::Board Support:emWin LCD:RGB IF:1.0.0
      Source file:   MDK/Boards/ST/STM32F429I-Discovery/Common/LCD_X.c

   * Component: Keil::CMSIS Driver:I2C:2.12
      Source file:   CMSIS/Driver/I2C_STM32F4xx.c

   * Component: Keil::CMSIS Driver:SPI:2.18
      Source file:   CMSIS/Driver/SPI_STM32F4xx.c

   * Component: Keil::CMSIS Driver:USART:2.16
      Source file:   CMSIS/Driver/USART_STM32F4xx.c

   * Component: Keil::CMSIS Driver:USB Host:High-speed:2.25
      Source file:   CMSIS/Driver/OTG_HS_STM32F4xx.c
      Source file:   CMSIS/Driver/USBH_HS_STM32F4xx.c

   * Component: Keil::Device:STM32Cube Framework:Classic:1.8.1
      Source file:   MDK/Templates/Src/main.c
      Include file:  MDK/Templates/Inc/main.h
      Source file:   MDK/Templates/Src/stm32f4xx_it.c
      Include file:  MDK/Templates/Inc/stm32f4xx_hal_conf.h
      Include file:  CMSIS/Driver/Config/RTE_Device.h
      Source file:   MDK/Templates/Src/stm32f4xx_hal_msp.c
      Include file:  MDK/Templates_LL/Inc/main.h
      Source file:   MDK/Templates_LL/Src/main.c
      Include file:  MDK/Templates/Inc/stm32f4xx_it.h

   * Component: Keil::Device:STM32Cube HAL:Common:1.8.1
      Include file:  Drivers/STM32F4xx_HAL_Driver/Inc/stm32f4xx_hal.h
      Source file:   Drivers/STM32F4xx_HAL_Driver/Src/stm32f4xx_hal.c

   * Component: Keil::Device:STM32Cube HAL:Cortex:1.8.1
      Source file:   Drivers/STM32F4xx_HAL_Driver/Src/stm32f4xx_hal_cortex.c

   * Component: Keil::Device:STM32Cube HAL:DMA:1.8.1
      Source file:   Drivers/STM32F4xx_HAL_Driver/Src/stm32f4xx_hal_dma_ex.c
      Source file:   Drivers/STM32F4xx_HAL_Driver/Src/stm32f4xx_hal_dma.c

   * Component: Keil::Device:STM32Cube HAL:DMA2D:1.8.1
      Source file:   Drivers/STM32F4xx_HAL_Driver/Src/stm32f4xx_hal_dma2d.c

   * Component: Keil::Device:STM32Cube HAL:GPIO:1.8.1
      Source file:   Drivers/STM32F4xx_HAL_Driver/Src/stm32f4xx_hal_gpio.c

   * Component: Keil::Device:STM32Cube HAL:I2C:1.8.1
      Source file:   Drivers/STM32F4xx_HAL_Driver/Src/stm32f4xx_hal_i2c.c
      Source file:   Drivers/STM32F4xx_HAL_Driver/Src/stm32f4xx_hal_i2c_ex.c

   * Component: Keil::Device:STM32Cube HAL:LTDC:1.8.1
      Source file:   Drivers/STM32F4xx_HAL_Driver/Src/stm32f4xx_hal_ltdc.c

   * Component: Keil::Device:STM32Cube HAL:PWR:1.8.1
      Source file:   Drivers/STM32F4xx_HAL_Driver/Src/stm32f4xx_hal_pwr_ex.c
      Source file:   Drivers/STM32F4xx_HAL_Driver/Src/stm32f4xx_hal_pwr.c

   * Component: Keil::Device:STM32Cube HAL:RCC:1.8.1
      Source file:   Drivers/STM32F4xx_HAL_Driver/Src/stm32f4xx_hal_rcc_ex.c
      Source file:   Drivers/STM32F4xx_HAL_Driver/Src/stm32f4xx_hal_rcc.c

   * Component: Keil::Device:STM32Cube HAL:SDRAM:1.8.1
      Source file:   Drivers/STM32F4xx_HAL_Driver/Src/stm32f4xx_hal_sdram.c
      Source file:   Drivers/STM32F4xx_HAL_Driver/Src/stm32f4xx_ll_fmc.c

   * Component: Keil::Device:STM32Cube HAL:SPI:1.8.1
      Source file:   Drivers/STM32F4xx_HAL_Driver/Src/stm32f4xx_hal_spi.c

   * Component: Keil::Device:STM32Cube HAL:UART:1.8.1
      Source file:   Drivers/STM32F4xx_HAL_Driver/Src/stm32f4xx_hal_uart.c

   * Component: Keil::Device:STM32Cube HAL:USART:1.8.1
      Source file:   Drivers/STM32F4xx_HAL_Driver/Src/stm32f4xx_hal_usart.c

   * Component: Keil::Device:Startup:2.6.3
      Source file:   MDK/Device/Source/ARM/STM32F4xx_OTP.s
      Include file:  Drivers/CMSIS/Device/ST/STM32F4xx/Include/stm32f4xx.h
      Source file:   MDK/Device/Source/ARM/STM32F42xxx_43xxx_OPT.s
      Source file:   Drivers/CMSIS/Device/ST/STM32F4xx/Source/Templates/arm/startup_stm32f429xx.s
      Source file:   Drivers/CMSIS/Device/ST/STM32F4xx/Source/Templates/system_stm32f4xx.c

   * Component: Keil::Graphics Display:STM32F429I-Discovery:RGB IF:1.0.0
      Source file:   MDK/Boards/ST/STM32F429I-Discovery/Common/LCDConf.c

   * Component: Segger.MDK-Plus::Graphics:CORE:6.24.0
      Source file:   emWin/Sample/Config/GUIConf.c
      Source file:   emWin/Sample/Template/RTOS2/GUI_TemplateThread.c
      Source file:   emWin/Sample/GUI_X/GUI_X_RTE.c
      Source file:   emWin/Sample/Template/RTOS2/GUI_MultiThread.c
      Library file:  emWin/Lib/ARM/GUI_CM4F_L.lib
      Include file:  emWin/Include/GUI.h
      Source file:   emWin/Sample/Template/RTOS2/GUI_SingleThread.c

   * Component: Segger.MDK-Plus::Graphics:Input Device:Touchscreen:6.24.0
      Source file:   emWin/Sample/GUI_X/GUI_X_Touch.c
Build Time Elapsed:  00:00:03
</pre>
</body>
</html>
