<html>
<body>
<pre>
<h1>µVision Build Log</h1>
<h2>Tool Versions:</h2>
IDE-Version: µVision V5.40.0.0
Copyright (C) 2024 ARM Ltd and ARM Germany GmbH. All rights reserved.
License Information: Ludovic Espeel VIVES Flex license: MDK Professional 5.40 (Flex) (mdk_pro) Operation stops: 20 Jun 2027
 
Tool Versions:
Toolchain:       MDK Professional 5.40 (Flex)  Version: 5.40.0.3
Toolchain Path:  C:\Program Files\Keil_v5\ARM\ARMCLANG\Bin
C Compiler:      ArmClang.exe V6.22
Assembler:       Armasm.exe V6.22
Linker/Locator:  ArmLink.exe V6.22
Library Manager: ArmAr.exe V6.22
Hex Converter:   FromElf.exe V6.22
CPU DLL:         SARMCM3.DLL V5.40.0.3
Dialog DLL:      DCM.DLL V1.17.5.0
Target DLL:      STLink\ST-LINKIII-KEIL_SWO.dll V3.3.0.0
Dialog DLL:      TCM.DLL V1.56.4.0
 
<h2>Project:</h2>
C:\DOCS\course-private-repo\IoT Systems\Cube F7 TCPEthernetWifiTest\MDK\Boards\ST\STM32F746G_Discovery\CubeMX\emWin\TCPEthernetWifiTest\TCPEthernetWifiTest.uvprojx
Project File Date:  12/23/2024

<h2>Output:</h2>
*** Using Compiler 'V6.22', folder: 'C:\Program Files\Keil_v5\ARM\ARMCLANG\Bin'
Rebuild target 'Debug'
compiling esp32c3.c...
compiling stm32f7xx_it.c...
compiling tcpClient.c...
compiling circularBuffer.c...
compiling usart6.c...
compiling ft5336.c...
compiling usart1.c...
compiling thread.c...
compiling main.c...
compiling myDialogDLG.c...
compiling GUI_SingleThread.c...
compiling stm32746g_discovery.c...
compiling stm32746g_discovery_sdram.c...
compiling stm32746g_discovery_ts.c...
compiling LCD_X.c...
compiling LED_746G_Discovery.c...
compiling Touch_746G_Discovery.c...
assembling irq_armv7m.S...
compiling rtx_delay.c...
compiling rtx_evflags.c...
compiling rtx_evr.c...
compiling rtx_lib.c...
compiling rtx_memory.c...
compiling rtx_kernel.c...
compiling rtx_system.c...
compiling rtx_mempool.c...
compiling rtx_semaphore.c...
compiling rtx_mutex.c...
compiling RTX_Config.c...
compiling rtx_msgqueue.c...
compiling PHY_LAN8742A.c...
compiling os_systick.c...
compiling rtx_timer.c...
compiling EMAC_STM32F7xx.c...
compiling stm32f7xx_hal_msp.c...
compiling stm32f7xx_hal.c...
compiling rtx_thread.c...
compiling stm32f7xx_hal_cortex.c...
compiling stm32f7xx_hal_dma_ex.c...
compiling EventRecorder.c...
compiling stm32f7xx_hal_dma.c...
compiling stm32f7xx_hal_gpio.c...
compiling stm32f7xx_hal_dma2d.c...
compiling stm32f7xx_hal_eth.c...
compiling stm32f7xx_hal_i2c_ex.c...
compiling stm32f7xx_hal_sdram.c...
compiling stm32f7xx_hal_ltdc_ex.c...
compiling stm32f7xx_hal_pwr.c...
compiling stm32f7xx_hal_ltdc.c...
compiling stm32f7xx_hal_tim_ex.c...
compiling stm32f7xx_hal_pwr_ex.c...
assembling startup_stm32f746xx.s...
compiling stm32f7xx_hal_rcc.c...
compiling stm32f7xx_hal_rcc_ex.c...
compiling GUI_X_RTE.c...
compiling stm32f7xx_hal_uart_ex.c...
compiling stm32f7xx_ll_fmc.c...
compiling GUIConf.c...
compiling GUI_X_Touch.c...
compiling system_stm32f7xx.c...
compiling stm32f7xx_hal_tim.c...
compiling GUI_VNC_X_StartServerRTE.c...
compiling stm32f7xx_hal_i2c.c...
compiling Net_Config.c...
compiling stm32f7xx_hal_uart.c...
compiling Net_Debug.c...
compiling LCDConf.c...
linking...
Program Size: Code=150288 RO-data=10104 RW-data=980 ZI-data=147612  
".\Debug\TCPEthernetWifiTest.axf" - 0 Error(s), 0 Warning(s).

<h2>Software Packages used:</h2>

Package Vendor: ARM
                https://www.keil.com/pack/ARM.CMSIS.6.1.0.pack
                ARM::CMSIS@6.1.0
                CMSIS (Common Microcontroller Software Interface Standard)
   * Component: Ethernet MAC Version: 2.2.0
   * Component: Ethernet PHY Version: 2.2.0
   * Component: OS Tick Version: 1.0.1
   * Component: RTOS2 Version: 2.3.0
   * Component: CORE Version: 6.1.0
   * Component: SysTick Version: 1.0.5

Package Vendor: ARM
                https://www.keil.com/pack/ARM.CMSIS-Driver.2.8.0.pack
                ARM::CMSIS-Driver@2.8.0
                CMSIS Drivers for external devices
   * Component: LAN8742A Version: 1.3.0

Package Vendor: ARM
                https://www.keil.com/pack/ARM.CMSIS-RTX.5.9.0.pack
                ARM::CMSIS-RTX@5.9.0
                RTX RTOS implementation of CMSIS-RTOS2 API
   * Component: Keil RTX5 Variant: Source Version: 5.9.0

Package Vendor: ARM
                https://www.keil.com/pack/ARM.CMSIS-View.1.2.0.pack
                ARM::CMSIS-View@1.2.0
                Debugger visualization of software events and statistics
   * Component: Event Recorder Variant: DAP Version: 1.6.0

Package Vendor: Keil
                project-path/Keil.FrameworkCubeMX.1.0.0.pack
                Keil::FrameworkCubeMX@1.0.0
                STM32CubeMX generated pack description
   * Component: STM32CubeMX Version: 1.1.0

Package Vendor: Keil
                https://www.keil.com/pack/Keil.MDK-Middleware.7.17.0.pack
                Keil::MDK-Middleware@7.17.0
                Middleware for Keil MDK-Professional and MDK-Plus
   * Component: LED Version: 1.0.0
   * Component: Touchscreen Version: 1.0.1
   * Component: CORE Variant: IPv4/IPv6 Debug Version: 7.19.0
   * Component: ETH Version: 7.19.0
   * Component: BSD Version: 7.19.0
   * Component: TCP Version: 7.19.0
   * Component: UDP Version: 7.19.0

Package Vendor: Keil
                https://www.keil.com/pack/Keil.MDK-Middleware_Graphics.1.3.1.pack
                Keil::MDK-Middleware_Graphics@1.3.1
                Middleware Graphics for Keil MDK-Professional and MDK-Plus
   * Component: emWin LCD Version: 1.1.0
   * Component: CORE Version: 6.32.3
   * Component: Touchscreen Version: 6.32.3
   * Component: GUI Builder Version: 6.32.3
   * Component: VNC Server Version: 6.32.3

Package Vendor: Keil
                https://www.keil.com/pack/Keil.STM32F7xx_DFP.2.16.0.pack
                Keil::STM32F7xx_DFP@2.16.0
                STMicroelectronics STM32F7 Series Device Support, Drivers and Examples
   * Component: STM32Cube Framework Version: 1.0.0
   * Component: Basic I/O Version: 1.1.1
   * Component: SDRAM Version: 1.1.1
   * Component: Touch Screen Version: 1.1.1
   * Component: LED Version: 1.1.1
   * Component: Touchscreen Version: 1.1.1
   * Component: emWin LCD Variant: RGB IF Version: 1.1.1
   * Component: Ethernet MAC Version: 1.12.0
   * Component: Common Version: 1.3.0
   * Component: Cortex Version: 1.3.0
   * Component: DMA2D Version: 1.3.0
   * Component: DMA Version: 1.3.0
   * Component: ETH Version: 1.3.0
   * Component: GPIO Version: 1.3.0
   * Component: I2C Version: 1.3.0
   * Component: LTDC Version: 1.3.0
   * Component: PWR Version: 1.3.0
   * Component: RCC Version: 1.3.0
   * Component: SDRAM Version: 1.3.0
   * Component: TIM Version: 1.3.0
   * Component: UART Version: 1.3.0
   * Component: Startup Version: 1.2.5
   * Component: STM32F746G-Discovery Variant: RGB IF Version: 1.0.2

<h2>Collection of Component include folders:</h2>
  ./RTE/CMSIS
  ./RTE/CMSIS-View
  ./RTE/Device/STM32F746NGHx
  ./RTE/Device/STM32F746NGHx/STCubeGenerated
  ./RTE/Device/STM32F746NGHx/STCubeGenerated/Inc
  ./RTE/Network
  ./RTE/_Debug
  C:/Program Files/Keil_v5/Arm/ARM/CMSIS-RTX/5.9.0/Include
  C:/Program Files/Keil_v5/Arm/ARM/CMSIS-View/1.2.0/EventRecorder/Include
  C:/Program Files/Keil_v5/Arm/ARM/CMSIS/6.1.0/CMSIS/Core/Include
  C:/Program Files/Keil_v5/Arm/ARM/CMSIS/6.1.0/CMSIS/Driver/Include
  C:/Program Files/Keil_v5/Arm/ARM/CMSIS/6.1.0/CMSIS/RTOS2/Include
  C:/Program Files/Keil_v5/Arm/Keil/MDK-Middleware/7.17.0/Board
  C:/Program Files/Keil_v5/Arm/Keil/MDK-Middleware/7.17.0/Network/Include
  C:/Program Files/Keil_v5/Arm/Keil/MDK-Middleware_Graphics/1.3.1/emWin/Include
  C:/Program Files/Keil_v5/Arm/Keil/STM32F7xx_DFP/2.16.0/Drivers/BSP/STM32746G-Discovery
  C:/Program Files/Keil_v5/Arm/Keil/STM32F7xx_DFP/2.16.0/Drivers/CMSIS/Device/ST/STM32F7xx/Include
  C:/Program Files/Keil_v5/Arm/Keil/STM32F7xx_DFP/2.16.0/Drivers/STM32F7xx_HAL_Driver/Inc

<h2>Collection of Component Files used:</h2>

   * Component: ::Board Support:LED(API)@1.0.0
      Include file:  Board/Board_LED.h

   * Component: ::Board Support:Touchscreen(API)@1.0.1
      Include file:  Board/Board_Touch.h

   * Component: ::Board Support:emWin LCD(API)@1.1.0
      Include file:  emWin/Include/LCD_X.h

   * Component: ::CMSIS Driver:Ethernet MAC(API)@2.2.0
      Include file:  CMSIS/Driver/Include/Driver_ETH_MAC.h

   * Component: ::CMSIS Driver:Ethernet PHY(API)@2.2.0
      Include file:  CMSIS/Driver/Include/Driver_ETH_PHY.h

   * Component: ::CMSIS:OS Tick(API)@1.0.1
      Include file:  CMSIS/RTOS2/Include/os_tick.h

   * Component: ::CMSIS:RTOS2(API)@2.3.0
      Include file:  CMSIS/RTOS2/Include/cmsis_os2.h

   * Component: ::Device:STM32Cube Framework(API)@1.0.0

   * Component: ARM::CMSIS-View:Event Recorder&DAP@1.6.0
      Source file:   EventRecorder/Source/EventRecorder.c
      Include file:  EventRecorder/Include/EventRecorder.h
      Include file:  EventRecorder/Config/EventRecorderConf.h

   * Component: ARM::CMSIS:CORE@6.1.0

   * Component: ARM::CMSIS:OS Tick:SysTick@1.0.5
      Source file:   CMSIS/RTOS2/Source/os_systick.c

   * Component: ARM::CMSIS:RTOS2:Keil RTX5&Source@5.9.0
      Include file:  Include/rtx_os.h
      Include file:  Config/RTX_Config.h
      Source file:   Config/RTX_Config.c
      Source file:   Source/rtx_mutex.c
      Source file:   Template/MsgQueue.c
      Source file:   Template/MemPool.c
      Source file:   Template/Timer.c
      Source file:   Source/rtx_thread.c
      Source file:   Source/rtx_timer.c
      Source file:   Source/rtx_delay.c
      Source file:   Template/main.c
      Source file:   Template/Semaphore.c
      Source file:   Template/Thread.c
      Source file:   Source/GCC/irq_armv7m.S
      Source file:   Source/rtx_evflags.c
      Source file:   Template/Mutex.c
      Source file:   Source/rtx_semaphore.c
      Source file:   Source/rtx_memory.c
      Source file:   Source/rtx_lib.c
      Source file:   Source/rtx_kernel.c
      Source file:   Source/rtx_evr.c
      Source file:   Template/Events.c
      Source file:   Template/svc_user.c
      Source file:   Source/rtx_msgqueue.c
      Source file:   Source/rtx_system.c
      Source file:   Source/rtx_mempool.c

   * Component: Keil::Board Support&STM32F746G-Discovery:Drivers:Basic I/O@1.1.1
      Include file:  Drivers/BSP/STM32746G-Discovery/stm32746g_discovery.h
      Source file:   Drivers/BSP/STM32746G-Discovery/stm32746g_discovery.c

   * Component: Keil::Board Support&STM32F746G-Discovery:Drivers:SDRAM@1.1.1
      Source file:   Drivers/BSP/STM32746G-Discovery/stm32746g_discovery_sdram.c
      Include file:  Drivers/BSP/STM32746G-Discovery/stm32746g_discovery_sdram.h

   * Component: Keil::Board Support&STM32F746G-Discovery:Drivers:Touch Screen@1.1.1
      Source file:   Drivers/BSP/Components/ft5336/ft5336.c
      Include file:  Drivers/BSP/STM32746G-Discovery/stm32746g_discovery_ts.h
      Source file:   Drivers/BSP/STM32746G-Discovery/stm32746g_discovery_ts.c

   * Component: Keil::Board Support&STM32F746G-Discovery:LED@1.1.1
      Source file:   MDK/Boards/ST/STM32F746G_Discovery/Common/LED_746G_Discovery.c

   * Component: Keil::Board Support&STM32F746G-Discovery:Touchscreen@1.1.1
      Source file:   MDK/Boards/ST/STM32F746G_Discovery/Common/Touch_746G_Discovery.c

   * Component: Keil::Board Support&STM32F746G-Discovery:emWin LCD&RGB IF@1.1.1
      Source file:   MDK/Boards/ST/STM32F746G_Discovery/Common/LCD_X.c

   * Component: Keil::CMSIS Driver:Ethernet MAC@1.12.0
      Source file:   CMSIS/Driver/EMAC_STM32F7xx.c

   * Component: Keil::CMSIS Driver:Ethernet PHY:LAN8742A@1.3.0
      Source file:   Ethernet_PHY/LAN8742A/PHY_LAN8742A.c

   * Component: Keil::Device:STM32Cube Framework:STM32CubeMX@1.1.0
      Include file:  STCubeGenerated/Inc/stm32f7xx_hal_conf.h
      Source file:   STCubeGenerated/Src/stm32f7xx_hal_msp.c
      Include file:  MX_Device.h

   * Component: Keil::Device:STM32Cube HAL:Common@1.3.0
      Source file:   Drivers/STM32F7xx_HAL_Driver/Src/stm32f7xx_hal.c
      Include file:  Drivers/STM32F7xx_HAL_Driver/Inc/stm32f7xx_hal.h

   * Component: Keil::Device:STM32Cube HAL:Cortex@1.3.0
      Source file:   Drivers/STM32F7xx_HAL_Driver/Src/stm32f7xx_hal_cortex.c

   * Component: Keil::Device:STM32Cube HAL:DMA2D@1.3.0
      Source file:   Drivers/STM32F7xx_HAL_Driver/Src/stm32f7xx_hal_dma2d.c

   * Component: Keil::Device:STM32Cube HAL:DMA@1.3.0
      Source file:   Drivers/STM32F7xx_HAL_Driver/Src/stm32f7xx_hal_dma_ex.c
      Source file:   Drivers/STM32F7xx_HAL_Driver/Src/stm32f7xx_hal_dma.c

   * Component: Keil::Device:STM32Cube HAL:ETH@1.3.0
      Source file:   Drivers/STM32F7xx_HAL_Driver/Src/stm32f7xx_hal_eth.c

   * Component: Keil::Device:STM32Cube HAL:GPIO@1.3.0
      Source file:   Drivers/STM32F7xx_HAL_Driver/Src/stm32f7xx_hal_gpio.c

   * Component: Keil::Device:STM32Cube HAL:I2C@1.3.0
      Source file:   Drivers/STM32F7xx_HAL_Driver/Src/stm32f7xx_hal_i2c.c
      Source file:   Drivers/STM32F7xx_HAL_Driver/Src/stm32f7xx_hal_i2c_ex.c

   * Component: Keil::Device:STM32Cube HAL:LTDC@1.3.0
      Source file:   Drivers/STM32F7xx_HAL_Driver/Src/stm32f7xx_hal_ltdc_ex.c
      Source file:   Drivers/STM32F7xx_HAL_Driver/Src/stm32f7xx_hal_ltdc.c

   * Component: Keil::Device:STM32Cube HAL:PWR@1.3.0
      Source file:   Drivers/STM32F7xx_HAL_Driver/Src/stm32f7xx_hal_pwr.c
      Source file:   Drivers/STM32F7xx_HAL_Driver/Src/stm32f7xx_hal_pwr_ex.c

   * Component: Keil::Device:STM32Cube HAL:RCC@1.3.0
      Source file:   Drivers/STM32F7xx_HAL_Driver/Src/stm32f7xx_hal_rcc.c
      Source file:   Drivers/STM32F7xx_HAL_Driver/Src/stm32f7xx_hal_rcc_ex.c

   * Component: Keil::Device:STM32Cube HAL:SDRAM@1.3.0
      Source file:   Drivers/STM32F7xx_HAL_Driver/Src/stm32f7xx_ll_fmc.c
      Source file:   Drivers/STM32F7xx_HAL_Driver/Src/stm32f7xx_hal_sdram.c

   * Component: Keil::Device:STM32Cube HAL:TIM@1.3.0
      Source file:   Drivers/STM32F7xx_HAL_Driver/Src/stm32f7xx_hal_tim.c
      Source file:   Drivers/STM32F7xx_HAL_Driver/Src/stm32f7xx_hal_tim_ex.c

   * Component: Keil::Device:STM32Cube HAL:UART@1.3.0
      Source file:   Drivers/STM32F7xx_HAL_Driver/Src/stm32f7xx_hal_uart_ex.c
      Source file:   Drivers/STM32F7xx_HAL_Driver/Src/stm32f7xx_hal_uart.c

   * Component: Keil::Device:Startup@1.2.5
      Source file:   MDK/Device/Source/ARM/STM32F74x_75x_OPT.s
      Include file:  Drivers/CMSIS/Device/ST/STM32F7xx/Include/stm32f7xx.h
      Source file:   MDK/Device/Source/ARM/STM32F74x_75x_OTP.s
      Source file:   Drivers/CMSIS/Device/ST/STM32F7xx/Source/Templates/arm/startup_stm32f746xx.s
      Source file:   Drivers/CMSIS/Device/ST/STM32F7xx/Source/Templates/system_stm32f7xx.c

   * Component: Keil::Graphics Display:STM32F746G-Discovery&RGB IF@1.0.2
      Source file:   MDK/Boards/ST/STM32F746G_Discovery/Common/LCDConf.c

   * Component: Keil::Network&MDK-Pro:CORE&IPv4/IPv6 Debug@7.19.0
      Include file:  Network/Include/rl_net.h
      Source file:   Network/Config/Net_Debug.c
      Source file:   Network/Config/Net_Config.c
      Library file:  Network/Lib/ARM/Net_Dbg_CM3_L.lib

   * Component: Keil::Network&MDK-Pro:Interface:ETH@7.19.0
      Include file:  Network/Config/Net_Config_ETH.h

   * Component: Keil::Network&MDK-Pro:Socket:BSD@7.19.0
      Include file:  Network/Config/Net_Config_BSD.h

   * Component: Keil::Network&MDK-Pro:Socket:TCP@7.19.0
      Source file:   Network/Template/TCP_Socket_Server.c
      Include file:  Network/Config/Net_Config_TCP.h
      Source file:   Network/Template/TCP_Socket_Client.c

   * Component: Keil::Network&MDK-Pro:Socket:UDP@7.19.0
      Source file:   Network/Template/UDP_Socket.c
      Include file:  Network/Config/Net_Config_UDP.h

   * Component: Segger::Graphics&MDK-Pro:CORE@6.32.3
      Include file:  emWin/Include/GUI.h
      Source file:   emWin/Sample/Config/GUIConf.c
      Source file:   emWin/Sample/Template/RTOS2/GUI_TemplateThread.c
      Source file:   emWin/Sample/Template/RTOS2/GUI_SingleThread.c
      Library file:  emWin/Lib/ARM/GUI_CM4F_L.lib
      Source file:   emWin/Sample/Template/RTOS2/GUI_MultiThread.c
      Source file:   emWin/Sample/GUI_X/GUI_X_RTE.c

   * Component: Segger::Graphics&MDK-Pro:Input Device:Touchscreen@6.32.3
      Source file:   emWin/Sample/GUI_X/GUI_X_Touch.c

   * Component: Segger::Graphics&MDK-Pro:Tools:GUI Builder@6.32.3

   * Component: Segger::Graphics&MDK-Pro:VNC Server@6.32.3
      Source file:   emWin/Sample/GUI_X/GUI_VNC_X_StartServerRTE.c
Build Time Elapsed:  00:00:07
</pre>
</body>
</html>
